// Jest Snapshot v1, https://goo.gl/fbAQLP

exports[`ModalBox Component matches the snapshot 1`] = `""`;
