// Jest Snapshot v1, https://goo.gl/fbAQLP

exports[`Comment Box should render without crushing 1`] = `
<DeleteComment
  articleSlug="my_article_slug"
  authenticatedUsername="arthur"
  author="arthur"
  commentId={1}
  created_at="2019-06-15T06:02:00.086733Z"
  deleteComment={[MockFunction]}
>
  <Button
    btnClass="fa fa-trash btn delete"
    btnEvent={[Function]}
    btnName=""
    disabled={false}
  >
    <button
      className="fa fa-trash btn delete"
      disabled={false}
      onClick={[Function]}
      type="button"
    />
  </Button>
</DeleteComment>
`;
