// Jest Snapshot v1, https://goo.gl/fbAQLP

exports[`login component matches the snapshot 1`] = `
<ModalBox
  backdropId="loginModal"
  closeModal={[MockFunction]}
  show={true}
  title="LOGIN"
>
  <div
    className="login"
  >
    <form
      name="form"
      onSubmit={[Function]}
    >
      <div
        className="login__input-group "
      >
        <InputBox
          handleChange={[Function]}
          inputClass="login__input-control"
          inputType="email"
          name="email"
          placeholder="Email"
          required={true}
          value=""
        />
      </div>
      <div
        className="login_input-group"
      >
        <InputBox
          handleChange={[Function]}
          inputClass="login__input-control"
          inputType="password"
          name="password"
          placeholder="Password"
          required={true}
          value=""
        />
      </div>
      <div
        className="input-group"
      >
        <Button
          btnClass="login__button"
          btnEvent={[Function]}
          btnName="Login"
        />
        <i
          className="login__forgot__pwd"
        >
           
          <span
            className=""
            href="/"
            id="forgot"
            onClick={[Function]}
            role="button"
            style={
              Object {
                "cursor": "pointer",
              }
            }
            tabIndex="0"
          >
            Forgot Password
          </span>
           
          or signin with
        </i>
      </div>
      <div
        className="login__social"
      >
        <FacebookButton />
        <GoogleButton />
      </div>
    </form>
  </div>
</ModalBox>
`;

exports[`login component should render without crsshing 1`] = `
<ModalBox
  backdropId="loginModal"
  closeModal={[MockFunction]}
  show={true}
  title="LOGIN"
>
  <div
    className="login"
  >
    <form
      name="form"
      onSubmit={[Function]}
    >
      <div
        className="login__input-group "
      >
        <InputBox
          handleChange={[Function]}
          inputClass="login__input-control"
          inputType="email"
          name="email"
          placeholder="Email"
          required={true}
          value=""
        />
      </div>
      <div
        className="login_input-group"
      >
        <InputBox
          handleChange={[Function]}
          inputClass="login__input-control"
          inputType="password"
          name="password"
          placeholder="Password"
          required={true}
          value=""
        />
      </div>
      <div
        className="input-group"
      >
        <Button
          btnClass="login__button"
          btnEvent={[Function]}
          btnName="Login"
        />
        <i
          className="login__forgot__pwd"
        >
           
          <span
            className=""
            href="/"
            id="forgot"
            onClick={[Function]}
            role="button"
            style={
              Object {
                "cursor": "pointer",
              }
            }
            tabIndex="0"
          >
            Forgot Password
          </span>
           
          or signin with
        </i>
      </div>
      <div
        className="login__social"
      >
        <FacebookButton />
        <GoogleButton />
      </div>
    </form>
  </div>
</ModalBox>
`;
